// Jest Snapshot v1, https://goo.gl/fbAQLP

exports[`Convert a birthday string to an age 1`] = `21`;
